// Jest Snapshot v1, https://goo.gl/fbAQLP

exports[`<Application /> Application snapshot  should render application snapshot 1`] = `
<div>
  <div
    className=" vh-100 d-flex justify-content-center align-items-center container"
  >
    <div
      className="spinner-grow"
    />
  </div>
</div>
`;
